// Vitest Snapshot v1, https://vitest.dev/guide/snapshot.html

exports[`Game Balance Snapshots > should have valid choice distribution 1`] = `
[
  "event_local_ai_theft",
  "event_mcu_shortage",
  "event_flash_shortage",
  "event_gdpr_audit",
  "event_botnet",
  "event_marketing_pivot",
  "event_cra_warning",
  "event_cra_enforcement",
  "event_psti_enforcement",
  "event_ransomware",
  "event_debug_port_exploit",
  "event_silicon_eol",
  "event_ota_brick",
  "event_cloud_price_hike",
  "event_battery_compliance",
  "event_ai_act",
  "event_competitor_clone",
  "event_ewaste_violation",
  "event_zombie_lawsuit",
  "event_fda_raid",
  "event_influencer_takedown",
  "event_ble_exploit",
  "event_stuxnet_usb",
  "event_ai_prohibited",
  "event_ai_transparency",
  "event_cra_vuln_report",
  "event_gpsr_choking",
  "event_coppa_violation",
  "event_ccpa_flood",
  "event_cisa_kev",
  "event_data_broker",
  "event_right_to_repair",
  "event_shareholder_revolt",
  "event_supply_resilience",
  "event_legal_settlement",
  "event_regulatory_fine",
  "event_legacy_crash",
  "event_eu_green_grant",
  "event_fintech_deal",
  "event_certification_drive",
  "event_fraud_leak",
  "event_greenpeace_report",
  "event_silent_outage",
  "event_massive_recall",
  "event_banhammer",
  "event_secure_boot_victory",
  "event_ai_compliance_lucky",
  "event_cloud_resilience_payoff",
  "event_sbom_defense",
  "event_backup_triumph",
  "event_energy_crisis_opportunity",
  "event_quantum_ready",
  "event_supplier_lock_in",
  "event_manufacturing_equity",
  "event_supplier_dies",
  "event_pen_test_failure",
  "event_red_team_purple",
  "event_patent_filing",
  "event_industrial_espionage",
  "event_insurance_premium_cut",
  "event_tech_debt_explosion",
  "event_blind_ops_strike",
  "event_viral_momentum_surge",
  "event_recalled_redemption",
]
`;

exports[`Game Balance Snapshots > should match devices balance snapshot 1`] = `
[
  {
    "budget": 80000,
    "difficulty": "medium",
    "eol": 54,
    "id": "omni-juice",
    "maintenance": 3500,
    "tagCount": 4,
  },
  {
    "budget": 50000,
    "difficulty": "hard",
    "eol": 120,
    "id": "industrial-sentinel",
    "maintenance": 500,
    "tagCount": 5,
  },
  {
    "budget": 60000,
    "difficulty": "medium",
    "eol": 48,
    "id": "smart-lock",
    "maintenance": 3500,
    "tagCount": 5,
  },
  {
    "budget": 80000,
    "difficulty": "hard",
    "eol": 36,
    "id": "snuggle-bot",
    "maintenance": 3000,
    "tagCount": 8,
  },
  {
    "budget": 130000,
    "difficulty": "hard",
    "eol": 54,
    "id": "zen-cage",
    "maintenance": 3500,
    "tagCount": 4,
  },
  {
    "budget": 100000,
    "difficulty": "medium",
    "eol": 48,
    "id": "smart-fridge",
    "maintenance": 2000,
    "tagCount": 4,
  },
  {
    "budget": 60000,
    "difficulty": "extreme",
    "eol": 48,
    "id": "health-tracker",
    "maintenance": 4000,
    "tagCount": 5,
  },
  {
    "budget": 60000,
    "difficulty": "hard",
    "eol": 36,
    "id": "cuddlebot-ai",
    "maintenance": 3500,
    "tagCount": 5,
  },
  {
    "budget": 100000,
    "difficulty": "easy",
    "eol": 60,
    "id": "eco-thermo",
    "maintenance": 1500,
    "tagCount": 1,
  },
  {
    "budget": 120000,
    "difficulty": "extreme",
    "eol": 48,
    "id": "asset-beacon",
    "maintenance": 5000,
    "tagCount": 4,
  },
]
`;

exports[`Game Balance Snapshots > should match events balance snapshot 1`] = `
[
  {
    "avgCost": 30000,
    "avgDoom": 0,
    "choiceCount": 2,
    "hasCondition": true,
    "hasTags": false,
    "id": "event_local_ai_theft",
    "riskProfile": [
      "low",
      "medium",
    ],
  },
  {
    "avgCost": -26666.666666666668,
    "avgDoom": 3.3333333333333335,
    "choiceCount": 3,
    "hasCondition": true,
    "hasTags": false,
    "id": "event_crowdfunding_hype",
    "riskProfile": [
      "high",
      "low",
      "medium",
    ],
  },
  {
    "avgCost": 40000,
    "avgDoom": 10,
    "choiceCount": 3,
    "hasCondition": true,
    "hasTags": false,
    "id": "event_mcu_shortage",
    "riskProfile": [
      "high",
      "medium",
      "medium",
    ],
  },
  {
    "avgCost": 15000,
    "avgDoom": 4,
    "choiceCount": 2,
    "hasCondition": true,
    "hasTags": false,
    "id": "event_flash_shortage",
    "riskProfile": [
      "high",
      "low",
    ],
  },
  {
    "avgCost": 22500,
    "avgDoom": 15,
    "choiceCount": 2,
    "hasCondition": true,
    "hasTags": true,
    "id": "event_data_corruption",
    "riskProfile": [
      "high",
      "medium",
    ],
  },
  {
    "avgCost": 18333.333333333332,
    "avgDoom": 10,
    "choiceCount": 3,
    "hasCondition": true,
    "hasTags": false,
    "id": "event_gdpr_audit",
    "riskProfile": [
      "high",
      "low",
      "medium",
    ],
  },
  {
    "avgCost": 17500,
    "avgDoom": 22.5,
    "choiceCount": 2,
    "hasCondition": true,
    "hasTags": true,
    "id": "event_botnet",
    "riskProfile": [
      "high",
      "medium",
    ],
  },
  {
    "avgCost": 32500,
    "avgDoom": 10,
    "choiceCount": 2,
    "hasCondition": true,
    "hasTags": false,
    "id": "event_marketing_pivot",
    "riskProfile": [
      "low",
      "medium",
    ],
  },
  {
    "avgCost": 12500,
    "avgDoom": 20,
    "choiceCount": 2,
    "hasCondition": true,
    "hasTags": true,
    "id": "event_fake_ai_exposed",
    "riskProfile": [
      "high",
      "medium",
    ],
  },
  {
    "avgCost": 26666.666666666668,
    "avgDoom": 9.333333333333334,
    "choiceCount": 3,
    "hasCondition": true,
    "hasTags": false,
    "id": "event_cra_warning",
    "riskProfile": [
      "high",
      "low",
      "medium",
    ],
  },
  {
    "avgCost": 45000,
    "avgDoom": 27.5,
    "choiceCount": 2,
    "hasCondition": true,
    "hasTags": true,
    "id": "event_cra_enforcement",
    "riskProfile": [
      "high",
      "medium",
    ],
  },
  {
    "avgCost": 20000,
    "avgDoom": 10,
    "choiceCount": 2,
    "hasCondition": true,
    "hasTags": true,
    "id": "event_psti_enforcement",
    "riskProfile": [
      "low",
      "medium",
    ],
  },
  {
    "avgCost": 63333.333333333336,
    "avgDoom": 23.333333333333332,
    "choiceCount": 3,
    "hasCondition": true,
    "hasTags": true,
    "id": "event_ransomware",
    "riskProfile": [
      "high",
      "high",
      "medium",
    ],
  },
  {
    "avgCost": 40000,
    "avgDoom": 11.666666666666666,
    "choiceCount": 3,
    "hasCondition": true,
    "hasTags": false,
    "id": "event_debug_port_exploit",
    "riskProfile": [
      "high",
      "low",
      "medium",
    ],
  },
  {
    "avgCost": 81666.66666666667,
    "avgDoom": 11.666666666666666,
    "choiceCount": 3,
    "hasCondition": true,
    "hasTags": false,
    "id": "event_silicon_eol",
    "riskProfile": [
      "high",
      "low",
      "medium",
    ],
  },
  {
    "avgCost": 48333.333333333336,
    "avgDoom": 20,
    "choiceCount": 3,
    "hasCondition": true,
    "hasTags": false,
    "id": "event_ota_brick",
    "riskProfile": [
      "high",
      "medium",
      "medium",
    ],
  },
  {
    "avgCost": 85000,
    "avgDoom": 10,
    "choiceCount": 2,
    "hasCondition": true,
    "hasTags": true,
    "id": "event_cloud_price_hike",
    "riskProfile": [
      "low",
      "medium",
    ],
  },
  {
    "avgCost": 15000,
    "avgDoom": 17.5,
    "choiceCount": 2,
    "hasCondition": true,
    "hasTags": true,
    "id": "event_insurance_denial",
    "riskProfile": [
      "high",
      "medium",
    ],
  },
  {
    "avgCost": 7500,
    "avgDoom": 12.5,
    "choiceCount": 2,
    "hasCondition": true,
    "hasTags": true,
    "id": "event_hamster_hack",
    "riskProfile": [
      "high",
      "low",
    ],
  },
  {
    "avgCost": 10000,
    "avgDoom": 10,
    "choiceCount": 2,
    "hasCondition": true,
    "hasTags": true,
    "id": "event_drm_outage",
    "riskProfile": [
      "high",
      "low",
    ],
  },
  {
    "avgCost": 32500,
    "avgDoom": 17.5,
    "choiceCount": 2,
    "hasCondition": true,
    "hasTags": true,
    "id": "event_battery_compliance",
    "riskProfile": [
      "high",
      "low",
    ],
  },
  {
    "avgCost": 30000,
    "avgDoom": 5,
    "choiceCount": 2,
    "hasCondition": true,
    "hasTags": true,
    "id": "event_ai_act",
    "riskProfile": [
      "low",
      "medium",
    ],
  },
  {
    "avgCost": 50000,
    "avgDoom": 12.5,
    "choiceCount": 2,
    "hasCondition": true,
    "hasTags": true,
    "id": "event_competitor_clone",
    "riskProfile": [
      "high",
      "low",
    ],
  },
  {
    "avgCost": 46666.666666666664,
    "avgDoom": 11.666666666666666,
    "choiceCount": 3,
    "hasCondition": true,
    "hasTags": false,
    "id": "event_apt_detected",
    "riskProfile": [
      "high",
      "low",
      "low",
    ],
  },
  {
    "avgCost": 24000,
    "avgDoom": 16.5,
    "choiceCount": 2,
    "hasCondition": true,
    "hasTags": false,
    "id": "event_ewaste_violation",
    "riskProfile": [
      "high",
      "medium",
    ],
  },
  {
    "avgCost": 115000,
    "avgDoom": 22.5,
    "choiceCount": 2,
    "hasCondition": true,
    "hasTags": false,
    "id": "event_zombie_lawsuit",
    "riskProfile": [
      "high",
      "medium",
    ],
  },
  {
    "avgCost": 35000,
    "avgDoom": 17.5,
    "choiceCount": 2,
    "hasCondition": true,
    "hasTags": true,
    "id": "event_fda_raid",
    "riskProfile": [
      "high",
      "medium",
    ],
  },
  {
    "avgCost": 21000,
    "avgDoom": 25,
    "choiceCount": 2,
    "hasCondition": true,
    "hasTags": true,
    "id": "event_influencer_takedown",
    "riskProfile": [
      "high",
      "medium",
    ],
  },
  {
    "avgCost": 45000,
    "avgDoom": 7.5,
    "choiceCount": 2,
    "hasCondition": true,
    "hasTags": true,
    "id": "event_quantum_harvest",
    "riskProfile": [
      "high",
      "high",
    ],
  },
  {
    "avgCost": 57500,
    "avgDoom": 5,
    "choiceCount": 2,
    "hasCondition": true,
    "hasTags": true,
    "id": "event_ble_exploit",
    "riskProfile": [
      "low",
      "medium",
    ],
  },
  {
    "avgCost": 30500,
    "avgDoom": 12.5,
    "choiceCount": 2,
    "hasCondition": true,
    "hasTags": true,
    "id": "event_stuxnet_usb",
    "riskProfile": [
      "high",
      "low",
    ],
  },
  {
    "avgCost": 6500,
    "avgDoom": 12.5,
    "choiceCount": 2,
    "hasCondition": true,
    "hasTags": true,
    "id": "event_ai_prohibited",
    "riskProfile": [
      "high",
      "low",
    ],
  },
  {
    "avgCost": 8500,
    "avgDoom": 10,
    "choiceCount": 2,
    "hasCondition": true,
    "hasTags": true,
    "id": "event_ai_transparency",
    "riskProfile": [
      "medium",
      "medium",
    ],
  },
  {
    "avgCost": 7500,
    "avgDoom": 15,
    "choiceCount": 2,
    "hasCondition": true,
    "hasTags": true,
    "id": "event_ai_bias",
    "riskProfile": [
      "high",
      "low",
    ],
  },
  {
    "avgCost": 2000,
    "avgDoom": 22.5,
    "choiceCount": 2,
    "hasCondition": true,
    "hasTags": false,
    "id": "event_cra_vuln_report",
    "riskProfile": [
      "high",
      "low",
    ],
  },
  {
    "avgCost": 16000,
    "avgDoom": 5,
    "choiceCount": 2,
    "hasCondition": true,
    "hasTags": true,
    "id": "event_gpsr_choking",
    "riskProfile": [
      "high",
      "low",
    ],
  },
  {
    "avgCost": 15000,
    "avgDoom": 20,
    "choiceCount": 2,
    "hasCondition": true,
    "hasTags": true,
    "id": "event_coppa_violation",
    "riskProfile": [
      "high",
      "medium",
    ],
  },
  {
    "avgCost": 10666.666666666666,
    "avgDoom": 23.333333333333332,
    "choiceCount": 3,
    "hasCondition": true,
    "hasTags": false,
    "id": "event_cert_expiry",
    "riskProfile": [
      "high",
      "high",
      "low",
    ],
  },
  {
    "avgCost": 18333.333333333332,
    "avgDoom": 8.333333333333334,
    "choiceCount": 3,
    "hasCondition": true,
    "hasTags": false,
    "id": "event_bill_shock",
    "riskProfile": [
      "high",
      "low",
      "medium",
    ],
  },
  {
    "avgCost": 6666.666666666667,
    "avgDoom": 13.333333333333334,
    "choiceCount": 3,
    "hasCondition": true,
    "hasTags": false,
    "id": "event_sbom_vuln",
    "riskProfile": [
      "high",
      "low",
      "medium",
    ],
  },
  {
    "avgCost": 17666.666666666668,
    "avgDoom": 15,
    "choiceCount": 3,
    "hasCondition": true,
    "hasTags": true,
    "id": "event_ccpa_flood",
    "riskProfile": [
      "high",
      "low",
      "medium",
    ],
  },
  {
    "avgCost": 20000,
    "avgDoom": 12.5,
    "choiceCount": 2,
    "hasCondition": true,
    "hasTags": true,
    "id": "event_cisa_kev",
    "riskProfile": [
      "high",
      "medium",
    ],
  },
  {
    "avgCost": 56666.666666666664,
    "avgDoom": 13.333333333333334,
    "choiceCount": 3,
    "hasCondition": true,
    "hasTags": true,
    "id": "event_data_broker",
    "riskProfile": [
      "high",
      "low",
      "medium",
    ],
  },
  {
    "avgCost": 13333.333333333334,
    "avgDoom": 12.333333333333334,
    "choiceCount": 3,
    "hasCondition": true,
    "hasTags": true,
    "id": "event_right_to_repair",
    "riskProfile": [
      "high",
      "low",
      "medium",
    ],
  },
  {
    "avgCost": 28333.333333333332,
    "avgDoom": 9.333333333333334,
    "choiceCount": 3,
    "hasCondition": true,
    "hasTags": false,
    "id": "event_tariff_shock",
    "riskProfile": [
      "low",
      "medium",
      "medium",
    ],
  },
  {
    "avgCost": 33333.333333333336,
    "avgDoom": 11.666666666666666,
    "choiceCount": 3,
    "hasCondition": true,
    "hasTags": false,
    "id": "event_rare_earth",
    "riskProfile": [
      "high",
      "low",
      "medium",
    ],
  },
  {
    "avgCost": 7500,
    "avgDoom": -12.5,
    "choiceCount": 2,
    "hasCondition": true,
    "hasTags": true,
    "id": "event_security_kudos",
    "riskProfile": [
      "low",
      "low",
    ],
  },
  {
    "avgCost": 12500,
    "avgDoom": 15,
    "choiceCount": 2,
    "hasCondition": true,
    "hasTags": true,
    "id": "event_revenue_collapse",
    "riskProfile": [
      "high",
      "medium",
    ],
  },
  {
    "avgCost": 10000,
    "avgDoom": 10,
    "choiceCount": 2,
    "hasCondition": true,
    "hasTags": true,
    "id": "event_shareholder_revolt",
    "riskProfile": [
      "high",
      "low",
    ],
  },
  {
    "avgCost": -20000,
    "avgDoom": -15,
    "choiceCount": 1,
    "hasCondition": true,
    "hasTags": true,
    "id": "event_supply_resilience",
    "riskProfile": [
      "low",
    ],
  },
  {
    "avgCost": 42500,
    "avgDoom": 10,
    "choiceCount": 2,
    "hasCondition": true,
    "hasTags": true,
    "id": "event_legal_settlement",
    "riskProfile": [
      "high",
      "low",
    ],
  },
  {
    "avgCost": 32500,
    "avgDoom": 10,
    "choiceCount": 2,
    "hasCondition": true,
    "hasTags": true,
    "id": "event_regulatory_fine",
    "riskProfile": [
      "high",
      "low",
    ],
  },
  {
    "avgCost": 17500,
    "avgDoom": 12.5,
    "choiceCount": 2,
    "hasCondition": true,
    "hasTags": true,
    "id": "event_legacy_crash",
    "riskProfile": [
      "high",
      "medium",
    ],
  },
  {
    "avgCost": -25000,
    "avgDoom": -5,
    "choiceCount": 1,
    "hasCondition": true,
    "hasTags": true,
    "id": "event_eu_green_grant",
    "riskProfile": [
      "low",
    ],
  },
  {
    "avgCost": -40000,
    "avgDoom": -5,
    "choiceCount": 1,
    "hasCondition": true,
    "hasTags": true,
    "id": "event_fintech_deal",
    "riskProfile": [
      "low",
    ],
  },
  {
    "avgCost": 20000,
    "avgDoom": 0,
    "choiceCount": 2,
    "hasCondition": true,
    "hasTags": false,
    "id": "event_clinical_study",
    "riskProfile": [
      "low",
      "medium",
    ],
  },
  {
    "avgCost": 20000,
    "avgDoom": 4,
    "choiceCount": 2,
    "hasCondition": true,
    "hasTags": false,
    "id": "event_certification_drive",
    "riskProfile": [
      "high",
      "low",
    ],
  },
  {
    "avgCost": 35000,
    "avgDoom": 22.5,
    "choiceCount": 2,
    "hasCondition": true,
    "hasTags": false,
    "id": "event_fraud_leak",
    "riskProfile": [
      "high",
      "medium",
    ],
  },
  {
    "avgCost": 45000,
    "avgDoom": 25,
    "choiceCount": 2,
    "hasCondition": true,
    "hasTags": false,
    "id": "event_apt_strike",
    "riskProfile": [
      "high",
      "high",
    ],
  },
  {
    "avgCost": 37500,
    "avgDoom": 10,
    "choiceCount": 2,
    "hasCondition": true,
    "hasTags": false,
    "id": "event_greenpeace_report",
    "riskProfile": [
      "low",
      "medium",
    ],
  },
  {
    "avgCost": 37500,
    "avgDoom": 10,
    "choiceCount": 2,
    "hasCondition": true,
    "hasTags": false,
    "id": "event_silent_outage",
    "riskProfile": [
      "low",
      "medium",
    ],
  },
  {
    "avgCost": 0,
    "avgDoom": 50,
    "choiceCount": 1,
    "hasCondition": true,
    "hasTags": false,
    "id": "event_quantum_apocalypse",
    "riskProfile": [
      "high",
    ],
  },
  {
    "avgCost": 80000,
    "avgDoom": 17.5,
    "choiceCount": 2,
    "hasCondition": true,
    "hasTags": false,
    "id": "event_massive_recall",
    "riskProfile": [
      "high",
      "medium",
    ],
  },
  {
    "avgCost": 35000,
    "avgDoom": 35,
    "choiceCount": 2,
    "hasCondition": true,
    "hasTags": false,
    "id": "event_banhammer",
    "riskProfile": [
      "high",
      "high",
    ],
  },
  {
    "avgCost": -10000,
    "avgDoom": -1.5,
    "choiceCount": 2,
    "hasCondition": true,
    "hasTags": false,
    "id": "event_privacy_certification",
    "riskProfile": [
      "low",
      "medium",
    ],
  },
  {
    "avgCost": -15000,
    "avgDoom": -10,
    "choiceCount": 1,
    "hasCondition": true,
    "hasTags": false,
    "id": "event_secure_boot_victory",
    "riskProfile": [
      "low",
    ],
  },
  {
    "avgCost": -10000,
    "avgDoom": -12,
    "choiceCount": 1,
    "hasCondition": true,
    "hasTags": false,
    "id": "event_ai_compliance_lucky",
    "riskProfile": [
      "low",
    ],
  },
  {
    "avgCost": -40000,
    "avgDoom": -15,
    "choiceCount": 1,
    "hasCondition": true,
    "hasTags": false,
    "id": "event_cloud_resilience_payoff",
    "riskProfile": [
      "low",
    ],
  },
  {
    "avgCost": -12000,
    "avgDoom": -18,
    "choiceCount": 1,
    "hasCondition": true,
    "hasTags": false,
    "id": "event_sbom_defense",
    "riskProfile": [
      "low",
    ],
  },
  {
    "avgCost": -8000,
    "avgDoom": -20,
    "choiceCount": 1,
    "hasCondition": true,
    "hasTags": false,
    "id": "event_backup_triumph",
    "riskProfile": [
      "low",
    ],
  },
  {
    "avgCost": -35000,
    "avgDoom": -8,
    "choiceCount": 1,
    "hasCondition": true,
    "hasTags": false,
    "id": "event_energy_crisis_opportunity",
    "riskProfile": [
      "low",
    ],
  },
  {
    "avgCost": -80000,
    "avgDoom": -15,
    "choiceCount": 1,
    "hasCondition": true,
    "hasTags": false,
    "id": "event_quantum_ready",
    "riskProfile": [
      "low",
    ],
  },
  {
    "avgCost": -3500,
    "avgDoom": -2.5,
    "choiceCount": 2,
    "hasCondition": true,
    "hasTags": false,
    "id": "event_supplier_lock_in",
    "riskProfile": [
      "low",
      "medium",
    ],
  },
  {
    "avgCost": -12500,
    "avgDoom": -2.5,
    "choiceCount": 2,
    "hasCondition": true,
    "hasTags": false,
    "id": "event_manufacturing_equity",
    "riskProfile": [
      "low",
      "medium",
    ],
  },
  {
    "avgCost": 22500,
    "avgDoom": 14,
    "choiceCount": 2,
    "hasCondition": true,
    "hasTags": false,
    "id": "event_logistics_reroute",
    "riskProfile": [
      "high",
      "medium",
    ],
  },
  {
    "avgCost": 47500,
    "avgDoom": 8.5,
    "choiceCount": 2,
    "hasCondition": true,
    "hasTags": false,
    "id": "event_supplier_dies",
    "riskProfile": [
      "high",
      "medium",
    ],
  },
  {
    "avgCost": 25000,
    "avgDoom": 7.5,
    "choiceCount": 2,
    "hasCondition": true,
    "hasTags": false,
    "id": "event_pen_test_failure",
    "riskProfile": [
      "high",
      "medium",
    ],
  },
  {
    "avgCost": 17500,
    "avgDoom": 1,
    "choiceCount": 2,
    "hasCondition": true,
    "hasTags": false,
    "id": "event_firmware_attestation",
    "riskProfile": [
      "high",
      "low",
    ],
  },
  {
    "avgCost": 15000,
    "avgDoom": 13.5,
    "choiceCount": 2,
    "hasCondition": true,
    "hasTags": false,
    "id": "event_sbom_audit_chain",
    "riskProfile": [
      "high",
      "low",
    ],
  },
  {
    "avgCost": 40000,
    "avgDoom": -8,
    "choiceCount": 1,
    "hasCondition": true,
    "hasTags": false,
    "id": "event_red_team_purple",
    "riskProfile": [
      "low",
    ],
  },
  {
    "avgCost": 39000,
    "avgDoom": -1.5,
    "choiceCount": 2,
    "hasCondition": true,
    "hasTags": false,
    "id": "event_patent_filing",
    "riskProfile": [
      "low",
      "medium",
    ],
  },
  {
    "avgCost": 12500,
    "avgDoom": 0.5,
    "choiceCount": 2,
    "hasCondition": true,
    "hasTags": false,
    "id": "event_industrial_espionage",
    "riskProfile": [
      "low",
      "medium",
    ],
  },
  {
    "avgCost": 12500,
    "avgDoom": -2.5,
    "choiceCount": 2,
    "hasCondition": true,
    "hasTags": false,
    "id": "event_open_source_strategy",
    "riskProfile": [
      "low",
      "medium",
    ],
  },
  {
    "avgCost": 25000,
    "avgDoom": 3,
    "choiceCount": 2,
    "hasCondition": true,
    "hasTags": false,
    "id": "event_differential_privacy",
    "riskProfile": [
      "high",
      "low",
    ],
  },
  {
    "avgCost": 30000,
    "avgDoom": -0.5,
    "choiceCount": 2,
    "hasCondition": true,
    "hasTags": false,
    "id": "event_zero_knowledge_proof",
    "riskProfile": [
      "low",
      "medium",
    ],
  },
  {
    "avgCost": -40000,
    "avgDoom": -2.5,
    "choiceCount": 2,
    "hasCondition": true,
    "hasTags": false,
    "id": "event_government_tender",
    "riskProfile": [
      "low",
      "medium",
    ],
  },
  {
    "avgCost": -40000,
    "avgDoom": -1,
    "choiceCount": 2,
    "hasCondition": true,
    "hasTags": false,
    "id": "event_vc_series_a",
    "riskProfile": [
      "low",
      "medium",
    ],
  },
  {
    "avgCost": -18000,
    "avgDoom": -3,
    "choiceCount": 1,
    "hasCondition": true,
    "hasTags": false,
    "id": "event_insurance_premium_cut",
    "riskProfile": [
      "low",
    ],
  },
  {
    "avgCost": 47500,
    "avgDoom": 19,
    "choiceCount": 2,
    "hasCondition": true,
    "hasTags": false,
    "id": "event_tech_debt_explosion",
    "riskProfile": [
      "high",
      "high",
    ],
  },
  {
    "avgCost": 37500,
    "avgDoom": 7.5,
    "choiceCount": 2,
    "hasCondition": true,
    "hasTags": false,
    "id": "event_blind_ops_strike",
    "riskProfile": [
      "high",
      "low",
    ],
  },
  {
    "avgCost": 35000,
    "avgDoom": 1.5,
    "choiceCount": 2,
    "hasCondition": true,
    "hasTags": false,
    "id": "event_viral_momentum_surge",
    "riskProfile": [
      "high",
      "medium",
    ],
  },
  {
    "avgCost": 40000,
    "avgDoom": -20,
    "choiceCount": 1,
    "hasCondition": true,
    "hasTags": false,
    "id": "event_recalled_redemption",
    "riskProfile": [
      "low",
    ],
  },
]
`;
